// Jest Snapshot v1, https://goo.gl/fbAQLP

exports[`Component <Pagination/> renders pagination for 18 items 1`] = `
<div
  className="PaginationStyles-aduuar-0 ewJsCc"
  data-test="pagination"
>
  <SideEffect(Head)>
    <Head />
  </SideEffect(Head)>
  <Pagination
    direction={-1}
    disabled={true}
    page={1}
  >
    <Link
      href={
        Object {
          "pathname": "items",
          "query": Object {
            "page": 0,
          },
        }
      }
    >
      <a
        aria-disabled={true}
        className="prev"
        href="items?page=0"
        onClick={[Function]}
      >
        ← Prev
      </a>
    </Link>
  </Pagination>
  <p>
    Page 
    1
     of 
    <span
      className="totalPages"
    >
      5
    </span>
    !
  </p>
  <p>
    18
     Items Total
  </p>
  <Pagination
    direction={1}
    disabled={false}
    page={1}
  >
    <Link
      href={
        Object {
          "pathname": "items",
          "query": Object {
            "page": 2,
          },
        }
      }
    >
      <a
        aria-disabled={false}
        className="next"
        href="items?page=2"
        onClick={[Function]}
      >
        Next →
      </a>
    </Link>
  </Pagination>
</div>
`;
